interactions:
- request:
    body: null
    headers:
      ACCEPT:
      - application/json
      Accept-Encoding:
      - gzip, deflate
      Connection:
      - keep_alive
      Content-Type:
      - application/json
      Cookie:
      - APPSESSIONID=A2665C804D9CC4A47743BB8B44B3C120; JSESSIONIDSSO=7922ACEC40B66B84E963823A74D15F2B
      User-Agent:
      - python-requests/2.25.1
    method: GET
    uri: https://192.168.1.27:9060/ers/config/sgt?filter=name.EQ.Unknown
  response:
    body:
      string: "{\n  \"SearchResult\" : {\n    \"total\" : 1,\n    \"resources\" :
        [ {\n      \"id\" : \"92adf9f0-8c01-11e6-996c-525400b48521\",\n      \"name\"
        : \"Unknown\",\n      \"description\" : \"Unknown Security Group\",\n      \"link\"
        : {\n        \"rel\" : \"self\",\n        \"href\" : \"https://192.168.1.27:9060/ers/config/sgt/92adf9f0-8c01-11e6-996c-525400b48521\",\n
        \       \"type\" : \"application/json\"\n      }\n    } ]\n  }\n}"
    headers:
      Cache-Control:
      - no-cache, no-store, must-revalidate
      Content-Security-Policy:
      - default-src 'self'; script-src 'self' 'unsafe-inline' 'unsafe-eval'; style-src
        'self' 'unsafe-inline'; img-src 'self' data:;
      Content-Type:
      - application/json;charset=utf-8
      Date:
      - Sat, 02 Oct 2021 17:50:21 GMT
      Expires:
      - Thu, 01 Jan 1970 00:00:00 GMT
      Pragma:
      - no-cache
      Server:
      - ''
      Strict-Transport-Security:
      - max-age=31536000; includeSubDomains
      Transfer-Encoding:
      - chunked
      X-Content-Security-Policy:
      - default-src 'self'; script-src 'self' 'unsafe-inline' 'unsafe-eval'; style-src
        'self' 'unsafe-inline'; img-src 'self' data:;
      X-Content-Type-Options:
      - nosniff
      X-Frame-Options:
      - SAMEORIGIN
      X-WebKit-CSP:
      - default-src 'self'; script-src 'self' 'unsafe-inline' 'unsafe-eval'; style-src
        'self' 'unsafe-inline'; img-src 'self' data:;
      X-XSS-Protection:
      - 1; mode=block
    status:
      code: 200
      message: ''
- request:
    body: null
    headers:
      Accept:
      - application/json
      Accept-Encoding:
      - gzip, deflate
      Connection:
      - keep_alive
      Content-Type:
      - application/json
      Cookie:
      - APPSESSIONID=A2665C804D9CC4A47743BB8B44B3C120; JSESSIONIDSSO=7922ACEC40B66B84E963823A74D15F2B
      User-Agent:
      - python-requests/2.25.1
    method: GET
    uri: https://192.168.1.27:9060/ers/config/sgt/92adf9f0-8c01-11e6-996c-525400b48521
  response:
    body:
      string: "{\n  \"Sgt\" : {\n    \"id\" : \"92adf9f0-8c01-11e6-996c-525400b48521\",\n
        \   \"name\" : \"Unknown\",\n    \"description\" : \"Unknown Security Group\",\n
        \   \"value\" : 0,\n    \"generationId\" : \"0\",\n    \"propogateToApic\"
        : false,\n    \"link\" : {\n      \"rel\" : \"self\",\n      \"href\" : \"https://192.168.1.27:9060/ers/config/sgt/92adf9f0-8c01-11e6-996c-525400b48521\",\n
        \     \"type\" : \"application/json\"\n    }\n  }\n}"
    headers:
      Cache-Control:
      - no-cache, no-store, must-revalidate
      Content-Security-Policy:
      - default-src 'self'; script-src 'self' 'unsafe-inline' 'unsafe-eval'; style-src
        'self' 'unsafe-inline'; img-src 'self' data:;
      Content-Type:
      - application/json;charset=utf-8
      Date:
      - Sat, 02 Oct 2021 17:50:21 GMT
      ETag:
      - '"0EA821848C3207C42603A3711911DE9B"'
      Expires:
      - Thu, 01 Jan 1970 00:00:00 GMT
      Pragma:
      - no-cache
      Server:
      - ''
      Strict-Transport-Security:
      - max-age=31536000; includeSubDomains
      Transfer-Encoding:
      - chunked
      X-Content-Security-Policy:
      - default-src 'self'; script-src 'self' 'unsafe-inline' 'unsafe-eval'; style-src
        'self' 'unsafe-inline'; img-src 'self' data:;
      X-Content-Type-Options:
      - nosniff
      X-Frame-Options:
      - SAMEORIGIN
      X-WebKit-CSP:
      - default-src 'self'; script-src 'self' 'unsafe-inline' 'unsafe-eval'; style-src
        'self' 'unsafe-inline'; img-src 'self' data:;
      X-XSS-Protection:
      - 1; mode=block
    status:
      code: 200
      message: ''
- request:
    body: null
    headers:
      ACCEPT:
      - application/json
      Accept-Encoding:
      - gzip, deflate
      Connection:
      - keep_alive
      Content-Type:
      - application/json
      Cookie:
      - APPSESSIONID=A2665C804D9CC4A47743BB8B44B3C120; JSESSIONIDSSO=7922ACEC40B66B84E963823A74D15F2B
      User-Agent:
      - python-requests/2.25.1
    method: GET
    uri: https://192.168.1.27:9060/ers/config/sgt?filter=name.EQ.TrustSec_Devices
  response:
    body:
      string: "{\n  \"SearchResult\" : {\n    \"total\" : 1,\n    \"resources\" :
        [ {\n      \"id\" : \"947832a0-8c01-11e6-996c-525400b48521\",\n      \"name\"
        : \"TrustSec_Devices\",\n      \"description\" : \"TrustSec Devices Security
        Group\",\n      \"link\" : {\n        \"rel\" : \"self\",\n        \"href\"
        : \"https://192.168.1.27:9060/ers/config/sgt/947832a0-8c01-11e6-996c-525400b48521\",\n
        \       \"type\" : \"application/json\"\n      }\n    } ]\n  }\n}"
    headers:
      Cache-Control:
      - no-cache, no-store, must-revalidate
      Content-Security-Policy:
      - default-src 'self'; script-src 'self' 'unsafe-inline' 'unsafe-eval'; style-src
        'self' 'unsafe-inline'; img-src 'self' data:;
      Content-Type:
      - application/json;charset=utf-8
      Date:
      - Sat, 02 Oct 2021 17:50:21 GMT
      Expires:
      - Thu, 01 Jan 1970 00:00:00 GMT
      Pragma:
      - no-cache
      Server:
      - ''
      Strict-Transport-Security:
      - max-age=31536000; includeSubDomains
      Transfer-Encoding:
      - chunked
      X-Content-Security-Policy:
      - default-src 'self'; script-src 'self' 'unsafe-inline' 'unsafe-eval'; style-src
        'self' 'unsafe-inline'; img-src 'self' data:;
      X-Content-Type-Options:
      - nosniff
      X-Frame-Options:
      - SAMEORIGIN
      X-WebKit-CSP:
      - default-src 'self'; script-src 'self' 'unsafe-inline' 'unsafe-eval'; style-src
        'self' 'unsafe-inline'; img-src 'self' data:;
      X-XSS-Protection:
      - 1; mode=block
    status:
      code: 200
      message: ''
- request:
    body: null
    headers:
      Accept:
      - application/json
      Accept-Encoding:
      - gzip, deflate
      Connection:
      - keep_alive
      Content-Type:
      - application/json
      Cookie:
      - APPSESSIONID=A2665C804D9CC4A47743BB8B44B3C120; JSESSIONIDSSO=7922ACEC40B66B84E963823A74D15F2B
      User-Agent:
      - python-requests/2.25.1
    method: GET
    uri: https://192.168.1.27:9060/ers/config/sgt/947832a0-8c01-11e6-996c-525400b48521
  response:
    body:
      string: "{\n  \"Sgt\" : {\n    \"id\" : \"947832a0-8c01-11e6-996c-525400b48521\",\n
        \   \"name\" : \"TrustSec_Devices\",\n    \"description\" : \"TrustSec Devices
        Security Group\",\n    \"value\" : 2,\n    \"generationId\" : \"30\",\n    \"propogateToApic\"
        : true,\n    \"link\" : {\n      \"rel\" : \"self\",\n      \"href\" : \"https://192.168.1.27:9060/ers/config/sgt/947832a0-8c01-11e6-996c-525400b48521\",\n
        \     \"type\" : \"application/json\"\n    }\n  }\n}"
    headers:
      Cache-Control:
      - no-cache, no-store, must-revalidate
      Content-Security-Policy:
      - default-src 'self'; script-src 'self' 'unsafe-inline' 'unsafe-eval'; style-src
        'self' 'unsafe-inline'; img-src 'self' data:;
      Content-Type:
      - application/json;charset=utf-8
      Date:
      - Sat, 02 Oct 2021 17:50:21 GMT
      ETag:
      - '"4D9A526BC4508DA463E53F239EE41ECA"'
      Expires:
      - Thu, 01 Jan 1970 00:00:00 GMT
      Pragma:
      - no-cache
      Server:
      - ''
      Strict-Transport-Security:
      - max-age=31536000; includeSubDomains
      Transfer-Encoding:
      - chunked
      X-Content-Security-Policy:
      - default-src 'self'; script-src 'self' 'unsafe-inline' 'unsafe-eval'; style-src
        'self' 'unsafe-inline'; img-src 'self' data:;
      X-Content-Type-Options:
      - nosniff
      X-Frame-Options:
      - SAMEORIGIN
      X-WebKit-CSP:
      - default-src 'self'; script-src 'self' 'unsafe-inline' 'unsafe-eval'; style-src
        'self' 'unsafe-inline'; img-src 'self' data:;
      X-XSS-Protection:
      - 1; mode=block
    status:
      code: 200
      message: ''
- request:
    body: null
    headers:
      Accept:
      - application/json
      Accept-Encoding:
      - gzip, deflate
      Connection:
      - keep_alive
      Content-Type:
      - application/json
      Cookie:
      - APPSESSIONID=A2665C804D9CC4A47743BB8B44B3C120; JSESSIONIDSSO=7922ACEC40B66B84E963823A74D15F2B
      User-Agent:
      - python-requests/2.25.1
    method: GET
    uri: https://192.168.1.27:9060/ers/config/sgt/92adf9f0-8c01-11e6-996c-525400b48521
  response:
    body:
      string: "{\n  \"Sgt\" : {\n    \"id\" : \"92adf9f0-8c01-11e6-996c-525400b48521\",\n
        \   \"name\" : \"Unknown\",\n    \"description\" : \"Unknown Security Group\",\n
        \   \"value\" : 0,\n    \"generationId\" : \"0\",\n    \"propogateToApic\"
        : false,\n    \"link\" : {\n      \"rel\" : \"self\",\n      \"href\" : \"https://192.168.1.27:9060/ers/config/sgt/92adf9f0-8c01-11e6-996c-525400b48521\",\n
        \     \"type\" : \"application/json\"\n    }\n  }\n}"
    headers:
      Cache-Control:
      - no-cache, no-store, must-revalidate
      Content-Security-Policy:
      - default-src 'self'; script-src 'self' 'unsafe-inline' 'unsafe-eval'; style-src
        'self' 'unsafe-inline'; img-src 'self' data:;
      Content-Type:
      - application/json;charset=utf-8
      Date:
      - Sat, 02 Oct 2021 17:50:21 GMT
      ETag:
      - '"0EA821848C3207C42603A3711911DE9B"'
      Expires:
      - Thu, 01 Jan 1970 00:00:00 GMT
      Pragma:
      - no-cache
      Server:
      - ''
      Strict-Transport-Security:
      - max-age=31536000; includeSubDomains
      Transfer-Encoding:
      - chunked
      X-Content-Security-Policy:
      - default-src 'self'; script-src 'self' 'unsafe-inline' 'unsafe-eval'; style-src
        'self' 'unsafe-inline'; img-src 'self' data:;
      X-Content-Type-Options:
      - nosniff
      X-Frame-Options:
      - SAMEORIGIN
      X-WebKit-CSP:
      - default-src 'self'; script-src 'self' 'unsafe-inline' 'unsafe-eval'; style-src
        'self' 'unsafe-inline'; img-src 'self' data:;
      X-XSS-Protection:
      - 1; mode=block
    status:
      code: 200
      message: ''
- request:
    body: null
    headers:
      Accept:
      - application/json
      Accept-Encoding:
      - gzip, deflate
      Connection:
      - keep_alive
      Content-Type:
      - application/json
      Cookie:
      - APPSESSIONID=A2665C804D9CC4A47743BB8B44B3C120; JSESSIONIDSSO=7922ACEC40B66B84E963823A74D15F2B
      User-Agent:
      - python-requests/2.25.1
    method: GET
    uri: https://192.168.1.27:9060/ers/config/sgt/947832a0-8c01-11e6-996c-525400b48521
  response:
    body:
      string: "{\n  \"Sgt\" : {\n    \"id\" : \"947832a0-8c01-11e6-996c-525400b48521\",\n
        \   \"name\" : \"TrustSec_Devices\",\n    \"description\" : \"TrustSec Devices
        Security Group\",\n    \"value\" : 2,\n    \"generationId\" : \"30\",\n    \"propogateToApic\"
        : true,\n    \"link\" : {\n      \"rel\" : \"self\",\n      \"href\" : \"https://192.168.1.27:9060/ers/config/sgt/947832a0-8c01-11e6-996c-525400b48521\",\n
        \     \"type\" : \"application/json\"\n    }\n  }\n}"
    headers:
      Cache-Control:
      - no-cache, no-store, must-revalidate
      Content-Security-Policy:
      - default-src 'self'; script-src 'self' 'unsafe-inline' 'unsafe-eval'; style-src
        'self' 'unsafe-inline'; img-src 'self' data:;
      Content-Type:
      - application/json;charset=utf-8
      Date:
      - Sat, 02 Oct 2021 17:50:21 GMT
      ETag:
      - '"4D9A526BC4508DA463E53F239EE41ECA"'
      Expires:
      - Thu, 01 Jan 1970 00:00:00 GMT
      Pragma:
      - no-cache
      Server:
      - ''
      Strict-Transport-Security:
      - max-age=31536000; includeSubDomains
      Transfer-Encoding:
      - chunked
      X-Content-Security-Policy:
      - default-src 'self'; script-src 'self' 'unsafe-inline' 'unsafe-eval'; style-src
        'self' 'unsafe-inline'; img-src 'self' data:;
      X-Content-Type-Options:
      - nosniff
      X-Frame-Options:
      - SAMEORIGIN
      X-WebKit-CSP:
      - default-src 'self'; script-src 'self' 'unsafe-inline' 'unsafe-eval'; style-src
        'self' 'unsafe-inline'; img-src 'self' data:;
      X-XSS-Protection:
      - 1; mode=block
    status:
      code: 200
      message: ''
- request:
    body: null
    headers:
      Accept:
      - application/json
      Accept-Encoding:
      - gzip, deflate
      Connection:
      - keep_alive
      Content-Type:
      - application/json
      Cookie:
      - APPSESSIONID=A2665C804D9CC4A47743BB8B44B3C120; JSESSIONIDSSO=7922ACEC40B66B84E963823A74D15F2B
      User-Agent:
      - python-requests/2.25.1
    method: GET
    uri: https://192.168.1.27:9060/ers/config/egressmatrixcell?filter=sgtSrcValue.EQ.0&filter=sgtDstValue.EQ.2
  response:
    body:
      string: "{\n  \"SearchResult\" : {\n    \"total\" : 0,\n    \"resources\" :
        [ ]\n  }\n}"
    headers:
      Cache-Control:
      - no-cache, no-store, must-revalidate
      Content-Security-Policy:
      - default-src 'self'; script-src 'self' 'unsafe-inline' 'unsafe-eval'; style-src
        'self' 'unsafe-inline'; img-src 'self' data:;
      Content-Type:
      - application/json;charset=utf-8
      Date:
      - Sat, 02 Oct 2021 17:50:21 GMT
      Expires:
      - Thu, 01 Jan 1970 00:00:00 GMT
      Pragma:
      - no-cache
      Server:
      - ''
      Strict-Transport-Security:
      - max-age=31536000; includeSubDomains
      Transfer-Encoding:
      - chunked
      X-Content-Security-Policy:
      - default-src 'self'; script-src 'self' 'unsafe-inline' 'unsafe-eval'; style-src
        'self' 'unsafe-inline'; img-src 'self' data:;
      X-Content-Type-Options:
      - nosniff
      X-Frame-Options:
      - SAMEORIGIN
      X-WebKit-CSP:
      - default-src 'self'; script-src 'self' 'unsafe-inline' 'unsafe-eval'; style-src
        'self' 'unsafe-inline'; img-src 'self' data:;
      X-XSS-Protection:
      - 1; mode=block
    status:
      code: 200
      message: ''
- request:
    body: '{"EgressMatrixCell": {"description": "Python Unit Tests", "sourceSgtId":
      "92adf9f0-8c01-11e6-996c-525400b48521", "destinationSgtId": "947832a0-8c01-11e6-996c-525400b48521",
      "defaultRule": "PERMIT_IP", "matrixCellStatus": "ENABLED", "sgacls": []}}'
    headers:
      ACCEPT:
      - application/json
      Accept-Encoding:
      - gzip, deflate
      Connection:
      - keep_alive
      Content-Length:
      - '246'
      Content-Type:
      - application/json
      Cookie:
      - APPSESSIONID=A2665C804D9CC4A47743BB8B44B3C120; JSESSIONIDSSO=7922ACEC40B66B84E963823A74D15F2B
      User-Agent:
      - python-requests/2.25.1
    method: POST
    uri: https://192.168.1.27:9060/ers/config/egressmatrixcell
  response:
    body:
      string: ''
    headers:
      Cache-Control:
      - no-cache, no-store, must-revalidate
      Content-Length:
      - '0'
      Content-Security-Policy:
      - default-src 'self'; script-src 'self' 'unsafe-inline' 'unsafe-eval'; style-src
        'self' 'unsafe-inline'; img-src 'self' data:;
      Content-Type:
      - application/json;charset=utf-8
      Date:
      - Sat, 02 Oct 2021 17:50:22 GMT
      Expires:
      - Thu, 01 Jan 1970 00:00:00 GMT
      Location:
      - https://192.168.1.27:9060/ers/config/egressmatrixcell/36f84c11-23a9-11ec-8ac2-f2c839b2fc61
      Pragma:
      - no-cache
      Server:
      - ''
      Strict-Transport-Security:
      - max-age=31536000; includeSubDomains
      X-Content-Security-Policy:
      - default-src 'self'; script-src 'self' 'unsafe-inline' 'unsafe-eval'; style-src
        'self' 'unsafe-inline'; img-src 'self' data:;
      X-Content-Type-Options:
      - nosniff
      X-Frame-Options:
      - SAMEORIGIN
      X-WebKit-CSP:
      - default-src 'self'; script-src 'self' 'unsafe-inline' 'unsafe-eval'; style-src
        'self' 'unsafe-inline'; img-src 'self' data:;
      X-XSS-Protection:
      - 1; mode=block
    status:
      code: 201
      message: ''
- request:
    body: null
    headers:
      Accept:
      - application/json
      Accept-Encoding:
      - gzip, deflate
      Connection:
      - keep_alive
      Content-Type:
      - application/json
      Cookie:
      - APPSESSIONID=A2665C804D9CC4A47743BB8B44B3C120; JSESSIONIDSSO=7922ACEC40B66B84E963823A74D15F2B
      User-Agent:
      - python-requests/2.25.1
    method: GET
    uri: https://192.168.1.27:9060/ers/config/sgt/92adf9f0-8c01-11e6-996c-525400b48521
  response:
    body:
      string: "{\n  \"Sgt\" : {\n    \"id\" : \"92adf9f0-8c01-11e6-996c-525400b48521\",\n
        \   \"name\" : \"Unknown\",\n    \"description\" : \"Unknown Security Group\",\n
        \   \"value\" : 0,\n    \"generationId\" : \"0\",\n    \"propogateToApic\"
        : false,\n    \"link\" : {\n      \"rel\" : \"self\",\n      \"href\" : \"https://192.168.1.27:9060/ers/config/sgt/92adf9f0-8c01-11e6-996c-525400b48521\",\n
        \     \"type\" : \"application/json\"\n    }\n  }\n}"
    headers:
      Cache-Control:
      - no-cache, no-store, must-revalidate
      Content-Security-Policy:
      - default-src 'self'; script-src 'self' 'unsafe-inline' 'unsafe-eval'; style-src
        'self' 'unsafe-inline'; img-src 'self' data:;
      Content-Type:
      - application/json;charset=utf-8
      Date:
      - Sat, 02 Oct 2021 17:50:22 GMT
      ETag:
      - '"0EA821848C3207C42603A3711911DE9B"'
      Expires:
      - Thu, 01 Jan 1970 00:00:00 GMT
      Pragma:
      - no-cache
      Server:
      - ''
      Strict-Transport-Security:
      - max-age=31536000; includeSubDomains
      Transfer-Encoding:
      - chunked
      X-Content-Security-Policy:
      - default-src 'self'; script-src 'self' 'unsafe-inline' 'unsafe-eval'; style-src
        'self' 'unsafe-inline'; img-src 'self' data:;
      X-Content-Type-Options:
      - nosniff
      X-Frame-Options:
      - SAMEORIGIN
      X-WebKit-CSP:
      - default-src 'self'; script-src 'self' 'unsafe-inline' 'unsafe-eval'; style-src
        'self' 'unsafe-inline'; img-src 'self' data:;
      X-XSS-Protection:
      - 1; mode=block
    status:
      code: 200
      message: ''
- request:
    body: null
    headers:
      Accept:
      - application/json
      Accept-Encoding:
      - gzip, deflate
      Connection:
      - keep_alive
      Content-Type:
      - application/json
      Cookie:
      - APPSESSIONID=A2665C804D9CC4A47743BB8B44B3C120; JSESSIONIDSSO=7922ACEC40B66B84E963823A74D15F2B
      User-Agent:
      - python-requests/2.25.1
    method: GET
    uri: https://192.168.1.27:9060/ers/config/sgt/947832a0-8c01-11e6-996c-525400b48521
  response:
    body:
      string: "{\n  \"Sgt\" : {\n    \"id\" : \"947832a0-8c01-11e6-996c-525400b48521\",\n
        \   \"name\" : \"TrustSec_Devices\",\n    \"description\" : \"TrustSec Devices
        Security Group\",\n    \"value\" : 2,\n    \"generationId\" : \"31\",\n    \"propogateToApic\"
        : true,\n    \"link\" : {\n      \"rel\" : \"self\",\n      \"href\" : \"https://192.168.1.27:9060/ers/config/sgt/947832a0-8c01-11e6-996c-525400b48521\",\n
        \     \"type\" : \"application/json\"\n    }\n  }\n}"
    headers:
      Cache-Control:
      - no-cache, no-store, must-revalidate
      Content-Security-Policy:
      - default-src 'self'; script-src 'self' 'unsafe-inline' 'unsafe-eval'; style-src
        'self' 'unsafe-inline'; img-src 'self' data:;
      Content-Type:
      - application/json;charset=utf-8
      Date:
      - Sat, 02 Oct 2021 17:50:22 GMT
      ETag:
      - '"9951AC9FC0D8B8CEAF79193A1E35F1C7"'
      Expires:
      - Thu, 01 Jan 1970 00:00:00 GMT
      Pragma:
      - no-cache
      Server:
      - ''
      Strict-Transport-Security:
      - max-age=31536000; includeSubDomains
      Transfer-Encoding:
      - chunked
      X-Content-Security-Policy:
      - default-src 'self'; script-src 'self' 'unsafe-inline' 'unsafe-eval'; style-src
        'self' 'unsafe-inline'; img-src 'self' data:;
      X-Content-Type-Options:
      - nosniff
      X-Frame-Options:
      - SAMEORIGIN
      X-WebKit-CSP:
      - default-src 'self'; script-src 'self' 'unsafe-inline' 'unsafe-eval'; style-src
        'self' 'unsafe-inline'; img-src 'self' data:;
      X-XSS-Protection:
      - 1; mode=block
    status:
      code: 200
      message: ''
- request:
    body: null
    headers:
      Accept:
      - application/json
      Accept-Encoding:
      - gzip, deflate
      Connection:
      - keep_alive
      Content-Type:
      - application/json
      Cookie:
      - APPSESSIONID=A2665C804D9CC4A47743BB8B44B3C120; JSESSIONIDSSO=7922ACEC40B66B84E963823A74D15F2B
      User-Agent:
      - python-requests/2.25.1
    method: GET
    uri: https://192.168.1.27:9060/ers/config/egressmatrixcell?filter=sgtSrcValue.EQ.0&filter=sgtDstValue.EQ.2
  response:
    body:
      string: "{\n  \"SearchResult\" : {\n    \"total\" : 1,\n    \"resources\" :
        [ {\n      \"id\" : \"36f84c11-23a9-11ec-8ac2-f2c839b2fc61\",\n      \"name\"
        : \"Unknown-TrustSec_Devices\",\n      \"description\" : \"Python Unit Tests\",\n
        \     \"link\" : {\n        \"rel\" : \"self\",\n        \"href\" : \"https://192.168.1.27:9060/ers/config/egressmatrixcell/36f84c11-23a9-11ec-8ac2-f2c839b2fc61\",\n
        \       \"type\" : \"application/json\"\n      }\n    } ]\n  }\n}"
    headers:
      Cache-Control:
      - no-cache, no-store, must-revalidate
      Content-Security-Policy:
      - default-src 'self'; script-src 'self' 'unsafe-inline' 'unsafe-eval'; style-src
        'self' 'unsafe-inline'; img-src 'self' data:;
      Content-Type:
      - application/json;charset=utf-8
      Date:
      - Sat, 02 Oct 2021 17:50:22 GMT
      Expires:
      - Thu, 01 Jan 1970 00:00:00 GMT
      Pragma:
      - no-cache
      Server:
      - ''
      Strict-Transport-Security:
      - max-age=31536000; includeSubDomains
      Transfer-Encoding:
      - chunked
      X-Content-Security-Policy:
      - default-src 'self'; script-src 'self' 'unsafe-inline' 'unsafe-eval'; style-src
        'self' 'unsafe-inline'; img-src 'self' data:;
      X-Content-Type-Options:
      - nosniff
      X-Frame-Options:
      - SAMEORIGIN
      X-WebKit-CSP:
      - default-src 'self'; script-src 'self' 'unsafe-inline' 'unsafe-eval'; style-src
        'self' 'unsafe-inline'; img-src 'self' data:;
      X-XSS-Protection:
      - 1; mode=block
    status:
      code: 200
      message: ''
- request:
    body: null
    headers:
      Accept:
      - application/json
      Accept-Encoding:
      - gzip, deflate
      Connection:
      - keep_alive
      Content-Type:
      - application/json
      Cookie:
      - APPSESSIONID=A2665C804D9CC4A47743BB8B44B3C120; JSESSIONIDSSO=7922ACEC40B66B84E963823A74D15F2B
      User-Agent:
      - python-requests/2.25.1
    method: GET
    uri: https://192.168.1.27:9060/ers/config/egressmatrixcell/36f84c11-23a9-11ec-8ac2-f2c839b2fc61
  response:
    body:
      string: "{\n  \"EgressMatrixCell\" : {\n    \"id\" : \"36f84c11-23a9-11ec-8ac2-f2c839b2fc61\",\n
        \   \"name\" : \"Unknown-TrustSec_Devices\",\n    \"description\" : \"Python
        Unit Tests\",\n    \"sourceSgtId\" : \"92adf9f0-8c01-11e6-996c-525400b48521\",\n
        \   \"destinationSgtId\" : \"947832a0-8c01-11e6-996c-525400b48521\",\n    \"matrixCellStatus\"
        : \"ENABLED\",\n    \"defaultRule\" : \"PERMIT_IP\",\n    \"sgacls\" : [ \"92951ac0-8c01-11e6-996c-525400b48521\"
        ],\n    \"link\" : {\n      \"rel\" : \"self\",\n      \"href\" : \"https://192.168.1.27:9060/ers/config/egressmatrixcell/36f84c11-23a9-11ec-8ac2-f2c839b2fc61\",\n
        \     \"type\" : \"application/json\"\n    }\n  }\n}"
    headers:
      Cache-Control:
      - no-cache, no-store, must-revalidate
      Content-Security-Policy:
      - default-src 'self'; script-src 'self' 'unsafe-inline' 'unsafe-eval'; style-src
        'self' 'unsafe-inline'; img-src 'self' data:;
      Content-Type:
      - application/json;charset=utf-8
      Date:
      - Sat, 02 Oct 2021 17:50:22 GMT
      ETag:
      - '"BF61121F2EBD2CF873E14D43269DF35D"'
      Expires:
      - Thu, 01 Jan 1970 00:00:00 GMT
      Pragma:
      - no-cache
      Server:
      - ''
      Strict-Transport-Security:
      - max-age=31536000; includeSubDomains
      Transfer-Encoding:
      - chunked
      X-Content-Security-Policy:
      - default-src 'self'; script-src 'self' 'unsafe-inline' 'unsafe-eval'; style-src
        'self' 'unsafe-inline'; img-src 'self' data:;
      X-Content-Type-Options:
      - nosniff
      X-Frame-Options:
      - SAMEORIGIN
      X-WebKit-CSP:
      - default-src 'self'; script-src 'self' 'unsafe-inline' 'unsafe-eval'; style-src
        'self' 'unsafe-inline'; img-src 'self' data:;
      X-XSS-Protection:
      - 1; mode=block
    status:
      code: 200
      message: ''
version: 1
